N = 4096, lambda = 0.03147

======================================================================
eps/lambda = 0.0625  (eps = 0.00197)
======================================================================
  W/U        = 0.9998 (late-time mean)
  -2K/U      = 1.0030 +/- 0.0106
  -2K/W      = 1.0032 +/- 0.0106
  dE/E       = +51.6376 %

======================================================================
eps/lambda = 0.1250  (eps = 0.00393)
======================================================================
  W/U        = 0.9991 (late-time mean)
  -2K/U      = 0.9969 +/- 0.0104
  -2K/W      = 0.9979 +/- 0.0105
  dE/E       = +34.0022 %

======================================================================
eps/lambda = 0.2500  (eps = 0.00787)
======================================================================
  W/U        = 0.9961 (late-time mean)
  -2K/U      = 0.9916 +/- 0.0064
  -2K/W      = 0.9954 +/- 0.0065
  dE/E       = +15.9325 %

======================================================================
eps/lambda = 0.5000  (eps = 0.01573)
======================================================================
  W/U        = 0.9870 (late-time mean)
  -2K/U      = 0.9813 +/- 0.0092
  -2K/W      = 0.9942 +/- 0.0096
  dE/E       = +3.3545 %

======================================================================
eps/lambda = 1.0000  (eps = 0.03147)
======================================================================
  W/U        = 0.9644 (late-time mean)
  -2K/U      = 0.9597 +/- 0.0067
  -2K/W      = 0.9951 +/- 0.0074
  dE/E       = +0.1496 %

======================================================================
eps/lambda = 2.0000  (eps = 0.06293)
======================================================================
  W/U        = 0.9199 (late-time mean)
  -2K/U      = 0.9168 +/- 0.0050
  -2K/W      = 0.9967 +/- 0.0060
  dE/E       = +0.0051 %

======================================================================
eps/lambda = 4.0000  (eps = 0.12587)
======================================================================
  W/U        = 0.8525 (late-time mean)
  -2K/U      = 0.8520 +/- 0.0110
  -2K/W      = 0.9995 +/- 0.0151
  dE/E       = -0.2942 %

predicted 1 - <eps^2/r^2>:
  eps/lambda = 0.0625  ->  0.9999
  eps/lambda = 0.1250  ->  0.9997
  eps/lambda = 0.2500  ->  0.9989
  eps/lambda = 0.5000  ->  0.9954
  eps/lambda = 1.0000  ->  0.9816
  eps/lambda = 2.0000  ->  0.9266
  eps/lambda = 4.0000  ->  0.7064
wrote /home/rousan/hernquist1987/scripts/../data/epsilon_study.json (79.7 kB)
