
======================================================================
nterms and force error, N = 32768, over 8 seeds
======================================================================
  seed  1987:  <n>(1.0) =  217.55   err(1.0) = 1.5522%   <n>(0.5) =  1053.22   err(0.5) = 0.1835%
  seed    11:  <n>(1.0) =  218.12   err(1.0) = 1.5634%   <n>(0.5) =  1044.17   err(0.5) = 0.1818%
  seed    23:  <n>(1.0) =  217.32   err(1.0) = 1.5436%   <n>(0.5) =  1050.52   err(0.5) = 0.1844%
  seed    42:  <n>(1.0) =  218.26   err(1.0) = 1.5451%   <n>(0.5) =  1048.37   err(0.5) = 0.1857%
  seed   101:  <n>(1.0) =  220.94   err(1.0) = 1.5192%   <n>(0.5) =  1056.29   err(0.5) = 0.1815%
  seed   271:  <n>(1.0) =  218.24   err(1.0) = 1.5560%   <n>(0.5) =  1047.85   err(0.5) = 0.1760%
  seed   314:  <n>(1.0) =  219.58   err(1.0) = 1.5548%   <n>(0.5) =  1045.81   err(0.5) = 0.1849%
  seed  1729:  <n>(1.0) =  217.51   err(1.0) = 1.5489%   <n>(0.5) =  1053.02   err(0.5) = 0.1817%

  nterms_1.0   mean  218.4391  sd   1.2343  (0.57%)  range [217.3170, 220.9440]
  error_1.0    mean    1.5479  sd   0.0132  (0.85%)  range [1.5192, 1.5634]
  nterms_0.5   mean 1049.9062  sd   4.1071  (0.39%)  range [1044.1700, 1056.2900]
  error_0.5    mean    0.1824  sd   0.0031  (1.68%)  range [0.1760, 0.1857]

======================================================================
energy drift, N = 4096, 1000 steps, over seeds
======================================================================
  seed  1987:  direct +0.1244%   theta=0.5 +0.1893%   theta=1.0 +0.8481%
  seed    11:  direct +0.2191%   theta=0.5 +0.2342%   theta=1.0 +0.8312%
  seed    23:  direct +0.1992%   theta=0.5 +0.2955%   theta=1.0 +0.9658%
  seed    42:  direct +0.2901%   theta=0.5 +0.0945%   theta=1.0 +1.2245%
  seed   101:  direct +0.2590%   theta=0.5 +0.3162%   theta=1.0 +1.0538%
  seed   271:  direct +0.4050%   theta=0.5 +0.2084%   theta=1.0 +0.8284%
  seed   314:  direct +0.1449%   theta=0.5 +0.4050%   theta=1.0 +0.9021%
  seed  1729:  direct +0.1305%   theta=0.5 +0.3479%   theta=1.0 +1.0397%

  direct    mean +0.2215%  sd 0.0955%  range [+0.1244%, +0.4050%]
  theta0.5  mean +0.2614%  sd 0.0992%  range [+0.0945%, +0.4050%]
  theta1.0  mean +0.9617%  sd 0.1388%  range [+0.8284%, +1.2245%]
wrote /home/rousan/hernquist1987/scripts/../data/realisation_scatter.json (1.8 kB)
