
======================================================================
relaxation: eps = zero, quadrupole = false
======================================================================
  eps=zero    quad=false theta=0.0  t_r = 130.895 +/- 8.579
  eps=zero    quad=false theta=0.2  t_r = 125.467 +/- 11.664
  eps=zero    quad=false theta=0.4  t_r = 134.183 +/- 18.031
  eps=zero    quad=false theta=0.6  t_r = 155.962 +/- 7.231
  eps=zero    quad=false theta=0.8  t_r = 148.514 +/- 10.802
  eps=zero    quad=false theta=1.0  t_r = 145.267 +/- 8.458
  eps=zero    quad=false theta=1.1  t_r = 142.978 +/- 9.998
  eps=zero    quad=false theta=1.2  t_r = 130.321 +/- 11.272
  eps=zero    quad=false theta=1.3  t_r = 125.475 +/- 9.092
  eps=zero    quad=false theta=1.4  t_r = 142.059 +/- 10.885

======================================================================
relaxation: eps = zero, quadrupole = true
======================================================================
  eps=zero    quad=true  theta=0.0  t_r = 130.895 +/- 8.579
  eps=zero    quad=true  theta=0.2  t_r = 131.042 +/- 8.420
  eps=zero    quad=true  theta=0.4  t_r = 123.049 +/- 10.067
  eps=zero    quad=true  theta=0.6  t_r = 134.904 +/- 11.736
  eps=zero    quad=true  theta=0.8  t_r = 141.579 +/- 9.929
  eps=zero    quad=true  theta=1.0  t_r = 152.033 +/- 14.996
  eps=zero    quad=true  theta=1.1  t_r = 144.939 +/- 6.822
  eps=zero    quad=true  theta=1.2  t_r = 112.127 +/- 8.030
  eps=zero    quad=true  theta=1.3  t_r = 139.694 +/- 4.634
  eps=zero    quad=true  theta=1.4  t_r = 142.374 +/- 4.270

======================================================================
relaxation: eps = lambda, quadrupole = false
======================================================================
  eps=lambda  quad=false theta=0.0  t_r = 1125.816 +/- 138.996
  eps=lambda  quad=false theta=0.2  t_r = 1125.122 +/- 138.431
  eps=lambda  quad=false theta=0.4  t_r = 1118.618 +/- 137.815
  eps=lambda  quad=false theta=0.6  t_r = 1111.955 +/- 132.084
  eps=lambda  quad=false theta=0.8  t_r = 1102.719 +/- 118.859
  eps=lambda  quad=false theta=1.0  t_r = 1115.995 +/- 113.589
  eps=lambda  quad=false theta=1.1  t_r = 1127.584 +/- 111.533
  eps=lambda  quad=false theta=1.2  t_r = 1119.262 +/- 104.727
  eps=lambda  quad=false theta=1.3  t_r = 1061.542 +/- 98.073
  eps=lambda  quad=false theta=1.4  t_r = 962.623 +/- 86.249

======================================================================
relaxation: eps = lambda, quadrupole = true
======================================================================
  eps=lambda  quad=true  theta=0.0  t_r = 1125.816 +/- 138.996
  eps=lambda  quad=true  theta=0.2  t_r = 1125.534 +/- 139.000
  eps=lambda  quad=true  theta=0.4  t_r = 1122.312 +/- 138.917
  eps=lambda  quad=true  theta=0.6  t_r = 1109.774 +/- 136.357
  eps=lambda  quad=true  theta=0.8  t_r = 1086.241 +/- 131.513
  eps=lambda  quad=true  theta=1.0  t_r = 1071.502 +/- 131.367
  eps=lambda  quad=true  theta=1.1  t_r = 1056.880 +/- 130.326
  eps=lambda  quad=true  theta=1.2  t_r = 1027.500 +/- 128.313
  eps=lambda  quad=true  theta=1.3  t_r = 973.097 +/- 126.990
  eps=lambda  quad=true  theta=1.4  t_r = 880.688 +/- 110.768
wrote /home/rousan/hernquist1987/scripts/../data/relaxation.json (1.9 kB)
