
======================================================================
Plummer, N = 1024
======================================================================
    theta=0.05  monopole 0.0002% (<n>=1010)  quadrupole 0.0000% (<n>=1010)
    theta=0.10  monopole 0.0029% (<n>=949)  quadrupole 0.0000% (<n>=949)
    theta=0.15  monopole 0.0112% (<n>=856)  quadrupole 0.0003% (<n>=856)
    theta=0.20  monopole 0.0269% (<n>=760)  quadrupole 0.0014% (<n>=760)
    theta=0.25  monopole 0.0543% (<n>=668)  quadrupole 0.0040% (<n>=668)
    theta=0.30  monopole 0.0934% (<n>=583)  quadrupole 0.0094% (<n>=583)
    theta=0.35  monopole 0.1447% (<n>=508)  quadrupole 0.0185% (<n>=508)
    theta=0.40  monopole 0.2159% (<n>=444)  quadrupole 0.0328% (<n>=444)
    theta=0.45  monopole 0.3054% (<n>=389)  quadrupole 0.0537% (<n>=389)
    theta=0.50  monopole 0.4281% (<n>=341)  quadrupole 0.0838% (<n>=341)
    theta=0.55  monopole 0.5441% (<n>=298)  quadrupole 0.1242% (<n>=298)
    theta=0.60  monopole 0.7052% (<n>=262)  quadrupole 0.1749% (<n>=262)
    theta=0.65  monopole 0.9182% (<n>=232)  quadrupole 0.2508% (<n>=232)
    theta=0.70  monopole 1.1090% (<n>=207)  quadrupole 0.3301% (<n>=207)
    theta=0.75  monopole 1.3041% (<n>=187)  quadrupole 0.4349% (<n>=187)
    theta=0.80  monopole 1.5497% (<n>=170)  quadrupole 0.5676% (<n>=170)
    theta=0.85  monopole 1.8430% (<n>=156)  quadrupole 0.7579% (<n>=156)
    theta=0.90  monopole 2.1796% (<n>=143)  quadrupole 0.9596% (<n>=143)
    theta=0.95  monopole 2.5445% (<n>=133)  quadrupole 1.2070% (<n>=133)
    theta=1.00  monopole 2.9122% (<n>=124)  quadrupole 1.5268% (<n>=124)
    theta=1.10  monopole 3.8545% (<n>=110)  quadrupole 2.2084% (<n>=110)
    theta=1.20  monopole 4.8375% (<n>=98)  quadrupole 3.0583% (<n>=98)
    theta=1.30  monopole 6.3762% (<n>=89)  quadrupole 4.3909% (<n>=89)
    theta=1.40  monopole 7.8464% (<n>=81)  quadrupole 5.6517% (<n>=81)
    theta=1.50  monopole 9.2227% (<n>=75)  quadrupole 6.9445% (<n>=75)
    theta=1.60  monopole 10.4936% (<n>=69)  quadrupole 7.9851% (<n>=69)
    theta=1.80  monopole 13.0475% (<n>=60)  quadrupole 10.1291% (<n>=60)
    theta=2.00  monopole 15.9250% (<n>=53)  quadrupole 12.3399% (<n>=53)

======================================================================
Plummer, N = 4096
======================================================================
    theta=0.05  monopole 0.0003% (<n>=3912)  quadrupole 0.0000% (<n>=3912)
    theta=0.10  monopole 0.0028% (<n>=3374)  quadrupole 0.0001% (<n>=3374)
    theta=0.15  monopole 0.0098% (<n>=2764)  quadrupole 0.0005% (<n>=2764)
    theta=0.20  monopole 0.0244% (<n>=2220)  quadrupole 0.0018% (<n>=2220)
    theta=0.25  monopole 0.0481% (<n>=1775)  quadrupole 0.0045% (<n>=1775)
    theta=0.30  monopole 0.0783% (<n>=1419)  quadrupole 0.0095% (<n>=1419)
    theta=0.35  monopole 0.1179% (<n>=1143)  quadrupole 0.0180% (<n>=1143)
    theta=0.40  monopole 0.1716% (<n>=931)  quadrupole 0.0306% (<n>=931)
    theta=0.45  monopole 0.2384% (<n>=768)  quadrupole 0.0490% (<n>=768)
    theta=0.50  monopole 0.3138% (<n>=642)  quadrupole 0.0735% (<n>=642)
    theta=0.55  monopole 0.4016% (<n>=540)  quadrupole 0.1059% (<n>=540)
    theta=0.60  monopole 0.5129% (<n>=456)  quadrupole 0.1518% (<n>=456)
    theta=0.65  monopole 0.6463% (<n>=388)  quadrupole 0.2120% (<n>=388)
    theta=0.70  monopole 0.8012% (<n>=331)  quadrupole 0.2829% (<n>=331)
    theta=0.75  monopole 0.9703% (<n>=287)  quadrupole 0.3666% (<n>=287)
    theta=0.80  monopole 1.1764% (<n>=252)  quadrupole 0.4780% (<n>=252)
    theta=0.85  monopole 1.4210% (<n>=225)  quadrupole 0.6231% (<n>=225)
    theta=0.90  monopole 1.6776% (<n>=203)  quadrupole 0.7992% (<n>=203)
    theta=0.95  monopole 1.9767% (<n>=186)  quadrupole 1.0033% (<n>=186)
    theta=1.00  monopole 2.3194% (<n>=171)  quadrupole 1.2608% (<n>=171)
    theta=1.10  monopole 3.2545% (<n>=149)  quadrupole 2.0215% (<n>=149)
    theta=1.20  monopole 4.3678% (<n>=132)  quadrupole 3.0038% (<n>=132)
    theta=1.30  monopole 5.6383% (<n>=119)  quadrupole 4.1144% (<n>=119)
    theta=1.40  monopole 7.0052% (<n>=108)  quadrupole 5.3137% (<n>=108)
    theta=1.50  monopole 8.6138% (<n>=100)  quadrupole 6.6780% (<n>=100)
    theta=1.60  monopole 9.9686% (<n>=92)  quadrupole 7.7641% (<n>=92)
    theta=1.80  monopole 13.1929% (<n>=81)  quadrupole 10.1065% (<n>=81)
    theta=2.00  monopole 16.0384% (<n>=72)  quadrupole 11.6907% (<n>=72)

======================================================================
Plummer, N = 16384
======================================================================
    theta=0.05  monopole 0.0003% (<n>=14519)  quadrupole 0.0000% (<n>=14519)
    theta=0.10  monopole 0.0023% (<n>=10665)  quadrupole 0.0001% (<n>=10665)
    theta=0.15  monopole 0.0081% (<n>=7432)  quadrupole 0.0005% (<n>=7432)
    theta=0.20  monopole 0.0194% (<n>=5169)  quadrupole 0.0017% (<n>=5169)
    theta=0.25  monopole 0.0359% (<n>=3667)  quadrupole 0.0040% (<n>=3667)
    theta=0.30  monopole 0.0587% (<n>=2639)  quadrupole 0.0080% (<n>=2639)
    theta=0.35  monopole 0.0874% (<n>=1945)  quadrupole 0.0147% (<n>=1945)
    theta=0.40  monopole 0.1234% (<n>=1482)  quadrupole 0.0246% (<n>=1482)
    theta=0.45  monopole 0.1661% (<n>=1165)  quadrupole 0.0381% (<n>=1165)
    theta=0.50  monopole 0.2216% (<n>=938)  quadrupole 0.0572% (<n>=938)
    theta=0.55  monopole 0.2907% (<n>=765)  quadrupole 0.0824% (<n>=765)
    theta=0.60  monopole 0.3693% (<n>=630)  quadrupole 0.1173% (<n>=630)
    theta=0.65  monopole 0.4624% (<n>=522)  quadrupole 0.1664% (<n>=522)
    theta=0.70  monopole 0.5720% (<n>=436)  quadrupole 0.2213% (<n>=436)
    theta=0.75  monopole 0.6845% (<n>=369)  quadrupole 0.2830% (<n>=369)
    theta=0.80  monopole 0.8153% (<n>=318)  quadrupole 0.3707% (<n>=318)
    theta=0.85  monopole 0.9829% (<n>=279)  quadrupole 0.4939% (<n>=279)
    theta=0.90  monopole 1.1860% (<n>=249)  quadrupole 0.6553% (<n>=249)
    theta=0.95  monopole 1.4212% (<n>=225)  quadrupole 0.8501% (<n>=225)
    theta=1.00  monopole 1.7062% (<n>=205)  quadrupole 1.0870% (<n>=205)
    theta=1.10  monopole 2.4666% (<n>=176)  quadrupole 1.7530% (<n>=176)
    theta=1.20  monopole 3.4949% (<n>=154)  quadrupole 2.6985% (<n>=154)
    theta=1.30  monopole 4.8714% (<n>=137)  quadrupole 3.9338% (<n>=137)
    theta=1.40  monopole 6.3158% (<n>=124)  quadrupole 5.1960% (<n>=124)
    theta=1.50  monopole 7.7545% (<n>=114)  quadrupole 6.3779% (<n>=114)
    theta=1.60  monopole 9.2436% (<n>=105)  quadrupole 7.5450% (<n>=105)
    theta=1.80  monopole 12.1170% (<n>=93)  quadrupole 9.3451% (<n>=93)
    theta=2.00  monopole 15.0716% (<n>=83)  quadrupole 10.8782% (<n>=83)

======================================================================
Plummer, N = 32768
======================================================================
    theta=0.05  monopole 0.0002% (<n>=27013)  quadrupole 0.0000% (<n>=27013)
    theta=0.10  monopole 0.0022% (<n>=17747)  quadrupole 0.0001% (<n>=17747)
    theta=0.15  monopole 0.0072% (<n>=11179)  quadrupole 0.0005% (<n>=11179)
    theta=0.20  monopole 0.0160% (<n>=7145)  quadrupole 0.0015% (<n>=7145)
    theta=0.25  monopole 0.0300% (<n>=4766)  quadrupole 0.0035% (<n>=4766)
    theta=0.30  monopole 0.0486% (<n>=3262)  quadrupole 0.0070% (<n>=3262)
    theta=0.35  monopole 0.0735% (<n>=2317)  quadrupole 0.0125% (<n>=2317)
    theta=0.40  monopole 0.1039% (<n>=1718)  quadrupole 0.0210% (<n>=1718)
    theta=0.45  monopole 0.1402% (<n>=1326)  quadrupole 0.0330% (<n>=1326)
    theta=0.50  monopole 0.1835% (<n>=1053)  quadrupole 0.0496% (<n>=1053)
    theta=0.55  monopole 0.2363% (<n>=850)  quadrupole 0.0712% (<n>=850)
    theta=0.60  monopole 0.3007% (<n>=694)  quadrupole 0.1033% (<n>=694)
    theta=0.65  monopole 0.3810% (<n>=571)  quadrupole 0.1483% (<n>=571)
    theta=0.70  monopole 0.4698% (<n>=475)  quadrupole 0.1978% (<n>=475)
    theta=0.75  monopole 0.5696% (<n>=400)  quadrupole 0.2536% (<n>=400)
    theta=0.80  monopole 0.6968% (<n>=343)  quadrupole 0.3395% (<n>=343)
    theta=0.85  monopole 0.8498% (<n>=299)  quadrupole 0.4596% (<n>=299)
    theta=0.90  monopole 1.0479% (<n>=266)  quadrupole 0.6161% (<n>=266)
    theta=0.95  monopole 1.2757% (<n>=239)  quadrupole 0.8049% (<n>=239)
    theta=1.00  monopole 1.5522% (<n>=218)  quadrupole 1.0350% (<n>=218)
    theta=1.10  monopole 2.2795% (<n>=185)  quadrupole 1.6823% (<n>=185)
    theta=1.20  monopole 3.3004% (<n>=161)  quadrupole 2.5974% (<n>=161)
    theta=1.30  monopole 4.5456% (<n>=143)  quadrupole 3.7105% (<n>=143)
    theta=1.40  monopole 5.9768% (<n>=129)  quadrupole 4.9543% (<n>=129)
    theta=1.50  monopole 7.4387% (<n>=118)  quadrupole 6.1362% (<n>=118)
    theta=1.60  monopole 8.8798% (<n>=109)  quadrupole 7.1956% (<n>=109)
    theta=1.80  monopole 11.9105% (<n>=96)  quadrupole 8.9955% (<n>=96)
    theta=2.00  monopole 15.0334% (<n>=86)  quadrupole 10.5500% (<n>=86)

======================================================================
uniform sphere, N = 32768
======================================================================
    theta=0.05  monopole 0.0003% (<n>=25573)  quadrupole 0.0000% (<n>=25573)
    theta=0.10  monopole 0.0038% (<n>=13700)  quadrupole 0.0001% (<n>=13700)
    theta=0.15  monopole 0.0128% (<n>=7265)  quadrupole 0.0005% (<n>=7265)
    theta=0.20  monopole 0.0380% (<n>=4257)  quadrupole 0.0016% (<n>=4257)
    theta=0.25  monopole 0.0701% (<n>=2716)  quadrupole 0.0039% (<n>=2716)
    theta=0.30  monopole 0.1105% (<n>=1869)  quadrupole 0.0076% (<n>=1869)
    theta=0.35  monopole 0.1837% (<n>=1342)  quadrupole 0.0140% (<n>=1342)
    theta=0.40  monopole 0.2777% (<n>=998)  quadrupole 0.0244% (<n>=998)
    theta=0.45  monopole 0.3842% (<n>=765)  quadrupole 0.0391% (<n>=765)
    theta=0.50  monopole 0.4980% (<n>=602)  quadrupole 0.0586% (<n>=602)
    theta=0.55  monopole 0.6178% (<n>=486)  quadrupole 0.0846% (<n>=486)
    theta=0.60  monopole 0.7408% (<n>=401)  quadrupole 0.1202% (<n>=401)
    theta=0.65  monopole 0.8971% (<n>=336)  quadrupole 0.1634% (<n>=336)
    theta=0.70  monopole 1.1101% (<n>=284)  quadrupole 0.2160% (<n>=284)
    theta=0.75  monopole 1.3725% (<n>=242)  quadrupole 0.2909% (<n>=242)
    theta=0.80  monopole 1.6720% (<n>=208)  quadrupole 0.4036% (<n>=208)
    theta=0.85  monopole 2.0068% (<n>=180)  quadrupole 0.5491% (<n>=180)
    theta=0.90  monopole 2.3719% (<n>=157)  quadrupole 0.7374% (<n>=157)
    theta=0.95  monopole 2.7636% (<n>=138)  quadrupole 0.9730% (<n>=138)
    theta=1.00  monopole 3.1899% (<n>=122)  quadrupole 1.2714% (<n>=122)
    theta=1.10  monopole 4.2262% (<n>=97)  quadrupole 2.1394% (<n>=97)
    theta=1.20  monopole 5.5459% (<n>=79)  quadrupole 3.4375% (<n>=79)
    theta=1.30  monopole 7.1756% (<n>=66)  quadrupole 5.0487% (<n>=66)
    theta=1.40  monopole 8.9689% (<n>=56)  quadrupole 6.8686% (<n>=56)
    theta=1.50  monopole 10.6836% (<n>=49)  quadrupole 8.6690% (<n>=49)
    theta=1.60  monopole 12.3615% (<n>=44)  quadrupole 10.4869% (<n>=44)
    theta=1.80  monopole 14.6134% (<n>=39)  quadrupole 13.0964% (<n>=39)
    theta=2.00  monopole 15.8297% (<n>=36)  quadrupole 15.0041% (<n>=36)

======================================================================
error against N at fixed theta
======================================================================
    theta=0.5 N=  1024  0.4281%
    theta=0.5 N=  2048  0.3457%
    theta=0.5 N=  4096  0.3138%
    theta=0.5 N=  8192  0.2655%
    theta=0.5 N= 16384  0.2216%
    theta=0.5 N= 32768  0.1835%
    theta=1.0 N=  1024  2.9122%
    theta=1.0 N=  2048  2.5002%
    theta=1.0 N=  4096  2.3194%
    theta=1.0 N=  8192  1.9653%
    theta=1.0 N= 16384  1.7062%
    theta=1.0 N= 32768  1.5522%
wrote /home/rousan/hernquist1987/scripts/../data/errors.json (5.9 kB)
