quad=false theta=0.0 N=  1024  3.859e-06 s/step/particle  <nterms>= 1023.0  nodes=  1532 depth=10
quad=false theta=0.0 N=  2048  7.717e-06 s/step/particle  <nterms>= 2047.0  nodes=  3049 depth=11
quad=false theta=0.0 N=  4096  1.553e-05 s/step/particle  <nterms>= 4095.0  nodes=  6096 depth=11
quad=false theta=0.1 N=  1024  1.275e-05 s/step/particle  <nterms>=  949.1  nodes=  1532 depth=10
quad=false theta=0.1 N=  2048  2.355e-05 s/step/particle  <nterms>= 1808.5  nodes=  3049 depth=11
quad=false theta=0.1 N=  4096  4.662e-05 s/step/particle  <nterms>= 3373.9  nodes=  6096 depth=11
quad=false theta=0.2 N=  1024  1.093e-05 s/step/particle  <nterms>=  760.2  nodes=  1532 depth=10
quad=false theta=0.2 N=  2048  1.990e-05 s/step/particle  <nterms>= 1333.5  nodes=  3049 depth=11
quad=false theta=0.2 N=  4096  3.443e-05 s/step/particle  <nterms>= 2220.5  nodes=  6096 depth=11
quad=false theta=0.2 N=  8192  6.738e-05 s/step/particle  <nterms>= 3519.3  nodes= 12126 depth=12
quad=false theta=0.3 N=  1024  8.636e-06 s/step/particle  <nterms>=  583.1  nodes=  1532 depth=10
quad=false theta=0.3 N=  2048  1.403e-05 s/step/particle  <nterms>=  933.8  nodes=  3049 depth=11
quad=false theta=0.3 N=  4096  2.447e-05 s/step/particle  <nterms>= 1419.3  nodes=  6096 depth=11
quad=false theta=0.3 N=  8192  3.682e-05 s/step/particle  <nterms>= 2014.9  nodes= 12126 depth=12
quad=false theta=0.3 N= 16384  5.557e-05 s/step/particle  <nterms>= 2638.7  nodes= 24289 depth=12
quad=false theta=0.4 N=  1024  6.946e-06 s/step/particle  <nterms>=  443.9  nodes=  1532 depth=10
quad=false theta=0.4 N=  2048  1.054e-05 s/step/particle  <nterms>=  656.9  nodes=  3049 depth=11
quad=false theta=0.4 N=  4096  1.615e-05 s/step/particle  <nterms>=  930.9  nodes=  6096 depth=11
quad=false theta=0.4 N=  8192  2.237e-05 s/step/particle  <nterms>= 1219.0  nodes= 12126 depth=12
quad=false theta=0.4 N= 16384  2.881e-05 s/step/particle  <nterms>= 1481.6  nodes= 24289 depth=12
quad=false theta=0.4 N= 32768  3.610e-05 s/step/particle  <nterms>= 1718.1  nodes= 48515 depth=14
quad=false theta=0.5 N=  1024  5.796e-06 s/step/particle  <nterms>=  341.0  nodes=  1532 depth=10
quad=false theta=0.5 N=  2048  8.154e-06 s/step/particle  <nterms>=  476.6  nodes=  3049 depth=11
quad=false theta=0.5 N=  4096  1.166e-05 s/step/particle  <nterms>=  642.1  nodes=  6096 depth=11
quad=false theta=0.5 N=  8192  1.490e-05 s/step/particle  <nterms>=  802.8  nodes= 12126 depth=12
quad=false theta=0.5 N= 16384  1.993e-05 s/step/particle  <nterms>=  937.5  nodes= 24289 depth=12
quad=false theta=0.5 N= 32768  2.194e-05 s/step/particle  <nterms>= 1053.2  nodes= 48515 depth=14
quad=false theta=0.6 N=  1024  4.694e-06 s/step/particle  <nterms>=  262.3  nodes=  1532 depth=10
quad=false theta=0.6 N=  2048  6.431e-06 s/step/particle  <nterms>=  353.0  nodes=  3049 depth=11
quad=false theta=0.6 N=  4096  8.550e-06 s/step/particle  <nterms>=  456.3  nodes=  6096 depth=11
quad=false theta=0.6 N=  8192  1.057e-05 s/step/particle  <nterms>=  552.6  nodes= 12126 depth=12
quad=false theta=0.6 N= 16384  1.389e-05 s/step/particle  <nterms>=  629.6  nodes= 24289 depth=12
quad=false theta=0.6 N= 32768  1.484e-05 s/step/particle  <nterms>=  694.0  nodes= 48515 depth=14
quad=false theta=0.7 N=  1024  3.954e-06 s/step/particle  <nterms>=  207.2  nodes=  1532 depth=10
quad=false theta=0.7 N=  2048  5.202e-06 s/step/particle  <nterms>=  268.1  nodes=  3049 depth=11
quad=false theta=0.7 N=  4096  6.578e-06 s/step/particle  <nterms>=  331.4  nodes=  6096 depth=11
quad=false theta=0.7 N=  8192  7.709e-06 s/step/particle  <nterms>=  389.7  nodes= 12126 depth=12
quad=false theta=0.7 N= 16384  8.857e-06 s/step/particle  <nterms>=  436.0  nodes= 24289 depth=12
quad=false theta=0.7 N= 32768  1.078e-05 s/step/particle  <nterms>=  474.5  nodes= 48515 depth=14
quad=false theta=0.8 N=  1024  3.409e-06 s/step/particle  <nterms>=  170.1  nodes=  1532 depth=10
quad=false theta=0.8 N=  2048  4.336e-06 s/step/particle  <nterms>=  212.9  nodes=  3049 depth=11
quad=false theta=0.8 N=  4096  5.219e-06 s/step/particle  <nterms>=  252.3  nodes=  6096 depth=11
quad=false theta=0.8 N=  8192  6.282e-06 s/step/particle  <nterms>=  289.6  nodes= 12126 depth=12
quad=false theta=0.8 N= 16384  6.751e-06 s/step/particle  <nterms>=  318.3  nodes= 24289 depth=12
quad=false theta=0.8 N= 32768  8.564e-06 s/step/particle  <nterms>=  342.7  nodes= 48515 depth=14
quad=false theta=0.9 N=  1024  3.043e-06 s/step/particle  <nterms>=  143.3  nodes=  1532 depth=10
quad=false theta=0.9 N=  2048  3.768e-06 s/step/particle  <nterms>=  176.1  nodes=  3049 depth=11
quad=false theta=0.9 N=  4096  4.375e-06 s/step/particle  <nterms>=  203.4  nodes=  6096 depth=11
quad=false theta=0.9 N=  8192  4.914e-06 s/step/particle  <nterms>=  229.7  nodes= 12126 depth=12
quad=false theta=0.9 N= 16384  5.668e-06 s/step/particle  <nterms>=  248.8  nodes= 24289 depth=12
quad=false theta=0.9 N= 32768  6.937e-06 s/step/particle  <nterms>=  265.7  nodes= 48515 depth=14
quad=false theta=1.0 N=  1024  2.777e-06 s/step/particle  <nterms>=  124.0  nodes=  1532 depth=10
quad=false theta=1.0 N=  2048  3.322e-06 s/step/particle  <nterms>=  150.8  nodes=  3049 depth=11
quad=false theta=1.0 N=  4096  3.811e-06 s/step/particle  <nterms>=  171.5  nodes=  6096 depth=11
quad=false theta=1.0 N=  8192  4.209e-06 s/step/particle  <nterms>=  191.5  nodes= 12126 depth=12
quad=false theta=1.0 N= 16384  4.653e-06 s/step/particle  <nterms>=  205.3  nodes= 24289 depth=12
quad=false theta=1.0 N= 32768  5.212e-06 s/step/particle  <nterms>=  217.6  nodes= 48515 depth=14
quad=false theta=1.2 N=  1024  2.365e-06 s/step/particle  <nterms>=   98.3  nodes=  1532 depth=10
quad=false theta=1.2 N=  2048  2.777e-06 s/step/particle  <nterms>=  117.9  nodes=  3049 depth=11
quad=false theta=1.2 N=  4096  3.109e-06 s/step/particle  <nterms>=  132.3  nodes=  6096 depth=11
quad=false theta=1.2 N=  8192  3.358e-06 s/step/particle  <nterms>=  145.7  nodes= 12126 depth=12
quad=false theta=1.2 N= 16384  3.683e-06 s/step/particle  <nterms>=  153.8  nodes= 24289 depth=12
quad=false theta=1.2 N= 32768  4.047e-06 s/step/particle  <nterms>=  160.9  nodes= 48515 depth=14
quad=false theta=1.5 N=  1024  2.007e-06 s/step/particle  <nterms>=   74.5  nodes=  1532 depth=10
quad=false theta=1.5 N=  2048  2.328e-06 s/step/particle  <nterms>=   88.8  nodes=  3049 depth=11
quad=false theta=1.5 N=  4096  2.560e-06 s/step/particle  <nterms>=   99.6  nodes=  6096 depth=11
quad=false theta=1.5 N=  8192  2.752e-06 s/step/particle  <nterms>=  109.0  nodes= 12126 depth=12
quad=false theta=1.5 N= 16384  2.985e-06 s/step/particle  <nterms>=  113.8  nodes= 24289 depth=12
quad=false theta=1.5 N= 32768  3.416e-06 s/step/particle  <nterms>=  117.8  nodes= 48515 depth=14
quad=true  theta=0.0 N=  1024  3.867e-06 s/step/particle  <nterms>= 1023.0  nodes=  1532 depth=10
quad=true  theta=0.0 N=  2048  7.725e-06 s/step/particle  <nterms>= 2047.0  nodes=  3049 depth=11
quad=true  theta=0.0 N=  4096  1.544e-05 s/step/particle  <nterms>= 4095.0  nodes=  6096 depth=11
quad=true  theta=0.1 N=  1024  1.297e-05 s/step/particle  <nterms>=  949.1  nodes=  1532 depth=10
quad=true  theta=0.1 N=  2048  2.471e-05 s/step/particle  <nterms>= 1808.5  nodes=  3049 depth=11
quad=true  theta=0.1 N=  4096  4.834e-05 s/step/particle  <nterms>= 3373.9  nodes=  6096 depth=11
quad=true  theta=0.2 N=  1024  1.119e-05 s/step/particle  <nterms>=  760.2  nodes=  1532 depth=10
quad=true  theta=0.2 N=  2048  2.005e-05 s/step/particle  <nterms>= 1333.5  nodes=  3049 depth=11
quad=true  theta=0.2 N=  4096  3.679e-05 s/step/particle  <nterms>= 2220.5  nodes=  6096 depth=11
quad=true  theta=0.2 N=  8192  7.408e-05 s/step/particle  <nterms>= 3519.3  nodes= 12126 depth=12
quad=true  theta=0.3 N=  1024  9.288e-06 s/step/particle  <nterms>=  583.1  nodes=  1532 depth=10
quad=true  theta=0.3 N=  2048  1.510e-05 s/step/particle  <nterms>=  933.8  nodes=  3049 depth=11
quad=true  theta=0.3 N=  4096  2.566e-05 s/step/particle  <nterms>= 1419.3  nodes=  6096 depth=11
quad=true  theta=0.3 N=  8192  4.315e-05 s/step/particle  <nterms>= 2014.9  nodes= 12126 depth=12
quad=true  theta=0.3 N= 16384  6.456e-05 s/step/particle  <nterms>= 2638.7  nodes= 24289 depth=12
quad=true  theta=0.4 N=  1024  7.489e-06 s/step/particle  <nterms>=  443.9  nodes=  1532 depth=10
quad=true  theta=0.4 N=  2048  1.156e-05 s/step/particle  <nterms>=  656.9  nodes=  3049 depth=11
quad=true  theta=0.4 N=  4096  1.787e-05 s/step/particle  <nterms>=  930.9  nodes=  6096 depth=11
quad=true  theta=0.4 N=  8192  2.566e-05 s/step/particle  <nterms>= 1219.0  nodes= 12126 depth=12
quad=true  theta=0.4 N= 16384  3.654e-05 s/step/particle  <nterms>= 1481.6  nodes= 24289 depth=12
quad=true  theta=0.4 N= 32768  4.325e-05 s/step/particle  <nterms>= 1718.1  nodes= 48515 depth=14
quad=true  theta=0.5 N=  1024  6.217e-06 s/step/particle  <nterms>=  341.0  nodes=  1532 depth=10
quad=true  theta=0.5 N=  2048  9.076e-06 s/step/particle  <nterms>=  476.6  nodes=  3049 depth=11
quad=true  theta=0.5 N=  4096  1.298e-05 s/step/particle  <nterms>=  642.1  nodes=  6096 depth=11
quad=true  theta=0.5 N=  8192  1.720e-05 s/step/particle  <nterms>=  802.8  nodes= 12126 depth=12
quad=true  theta=0.5 N= 16384  2.171e-05 s/step/particle  <nterms>=  937.5  nodes= 24289 depth=12
quad=true  theta=0.5 N= 32768  2.663e-05 s/step/particle  <nterms>= 1053.2  nodes= 48515 depth=14
quad=true  theta=0.6 N=  1024  5.148e-06 s/step/particle  <nterms>=  262.3  nodes=  1532 depth=10
quad=true  theta=0.6 N=  2048  7.138e-06 s/step/particle  <nterms>=  353.0  nodes=  3049 depth=11
quad=true  theta=0.6 N=  4096  9.675e-06 s/step/particle  <nterms>=  456.3  nodes=  6096 depth=11
quad=true  theta=0.6 N=  8192  1.223e-05 s/step/particle  <nterms>=  552.6  nodes= 12126 depth=12
quad=true  theta=0.6 N= 16384  1.632e-05 s/step/particle  <nterms>=  629.6  nodes= 24289 depth=12
quad=true  theta=0.6 N= 32768  1.756e-05 s/step/particle  <nterms>=  694.0  nodes= 48515 depth=14
quad=true  theta=0.7 N=  1024  4.373e-06 s/step/particle  <nterms>=  207.2  nodes=  1532 depth=10
quad=true  theta=0.7 N=  2048  5.806e-06 s/step/particle  <nterms>=  268.1  nodes=  3049 depth=11
quad=true  theta=0.7 N=  4096  7.315e-06 s/step/particle  <nterms>=  331.4  nodes=  6096 depth=11
quad=true  theta=0.7 N=  8192  8.909e-06 s/step/particle  <nterms>=  389.7  nodes= 12126 depth=12
quad=true  theta=0.7 N= 16384  1.053e-05 s/step/particle  <nterms>=  436.0  nodes= 24289 depth=12
quad=true  theta=0.7 N= 32768  1.250e-05 s/step/particle  <nterms>=  474.5  nodes= 48515 depth=14
quad=true  theta=0.8 N=  1024  3.820e-06 s/step/particle  <nterms>=  170.1  nodes=  1532 depth=10
quad=true  theta=0.8 N=  2048  4.875e-06 s/step/particle  <nterms>=  212.9  nodes=  3049 depth=11
quad=true  theta=0.8 N=  4096  5.922e-06 s/step/particle  <nterms>=  252.3  nodes=  6096 depth=11
quad=true  theta=0.8 N=  8192  6.880e-06 s/step/particle  <nterms>=  289.6  nodes= 12126 depth=12
quad=true  theta=0.8 N= 16384  8.111e-06 s/step/particle  <nterms>=  318.3  nodes= 24289 depth=12
quad=true  theta=0.8 N= 32768  9.742e-06 s/step/particle  <nterms>=  342.7  nodes= 48515 depth=14
quad=true  theta=0.9 N=  1024  3.412e-06 s/step/particle  <nterms>=  143.3  nodes=  1532 depth=10
quad=true  theta=0.9 N=  2048  4.207e-06 s/step/particle  <nterms>=  176.1  nodes=  3049 depth=11
quad=true  theta=0.9 N=  4096  4.973e-06 s/step/particle  <nterms>=  203.4  nodes=  6096 depth=11
quad=true  theta=0.9 N=  8192  5.689e-06 s/step/particle  <nterms>=  229.7  nodes= 12126 depth=12
quad=true  theta=0.9 N= 16384  6.596e-06 s/step/particle  <nterms>=  248.8  nodes= 24289 depth=12
quad=true  theta=0.9 N= 32768  8.005e-06 s/step/particle  <nterms>=  265.7  nodes= 48515 depth=14
quad=true  theta=1.0 N=  1024  3.056e-06 s/step/particle  <nterms>=  124.0  nodes=  1532 depth=10
quad=true  theta=1.0 N=  2048  3.749e-06 s/step/particle  <nterms>=  150.8  nodes=  3049 depth=11
quad=true  theta=1.0 N=  4096  4.374e-06 s/step/particle  <nterms>=  171.5  nodes=  6096 depth=11
quad=true  theta=1.0 N=  8192  4.869e-06 s/step/particle  <nterms>=  191.5  nodes= 12126 depth=12
quad=true  theta=1.0 N= 16384  6.938e-06 s/step/particle  <nterms>=  205.3  nodes= 24289 depth=12
quad=true  theta=1.0 N= 32768  6.894e-06 s/step/particle  <nterms>=  217.6  nodes= 48515 depth=14
quad=true  theta=1.2 N=  1024  2.620e-06 s/step/particle  <nterms>=   98.3  nodes=  1532 depth=10
quad=true  theta=1.2 N=  2048  3.136e-06 s/step/particle  <nterms>=  117.9  nodes=  3049 depth=11
quad=true  theta=1.2 N=  4096  3.571e-06 s/step/particle  <nterms>=  132.3  nodes=  6096 depth=11
quad=true  theta=1.2 N=  8192  3.826e-06 s/step/particle  <nterms>=  145.7  nodes= 12126 depth=12
quad=true  theta=1.2 N= 16384  4.287e-06 s/step/particle  <nterms>=  153.8  nodes= 24289 depth=12
quad=true  theta=1.2 N= 32768  6.079e-06 s/step/particle  <nterms>=  160.9  nodes= 48515 depth=14
quad=true  theta=1.5 N=  1024  2.218e-06 s/step/particle  <nterms>=   74.5  nodes=  1532 depth=10
quad=true  theta=1.5 N=  2048  2.592e-06 s/step/particle  <nterms>=   88.8  nodes=  3049 depth=11
quad=true  theta=1.5 N=  4096  2.932e-06 s/step/particle  <nterms>=   99.6  nodes=  6096 depth=11
quad=true  theta=1.5 N=  8192  3.195e-06 s/step/particle  <nterms>=  109.0  nodes= 12126 depth=12
quad=true  theta=1.5 N= 16384  3.418e-06 s/step/particle  <nterms>=  113.8  nodes= 24289 depth=12
quad=true  theta=1.5 N= 32768  4.533e-06 s/step/particle  <nterms>=  117.8  nodes= 48515 depth=14
direct  N=  1024  3.867e-06 s/step/particle
direct  N=  2048  7.716e-06 s/step/particle
direct  N=  4096  1.559e-05 s/step/particle
direct  N=  8192  3.083e-05 s/step/particle
direct  N= 16384  6.166e-05 s/step/particle
direct  N= 32768  1.239e-04 s/step/particle
wrote /home/rousan/hernquist1987/scripts/../data/timing.json (17.4 kB)
